[browser] Detected `scroll-behavior: smooth` on the `<html>` element. To disable smooth scrolling during route transitions, add `data-scroll-behavior="smooth"` to your <html> element. Learn more: https://nextjs.org/docs/messages/missing-data-scroll-behavior
[browser] Image "office" could not be loaded. Please make sure you have added the image before it is needed with map.addImage(), resolved it with map.setMissingStyleImageResolver(), or included it in a "sprite" property in your style. (<anonymous>)
[browser] Image "atm" could not be loaded. Please make sure you have added the image before it is needed with map.addImage(), resolved it with map.setMissingStyleImageResolver(), or included it in a "sprite" property in your style. (<anonymous>)
[browser] Image "gate" could not be loaded. Please make sure you have added the image before it is needed with map.addImage(), resolved it with map.setMissingStyleImageResolver(), or included it in a "sprite" property in your style. (<anonymous>)
[browser] Image "lift_gate" could not be loaded. Please make sure you have added the image before it is needed with map.addImage(), resolved it with map.setMissingStyleImageResolver(), or included it in a "sprite" property in your style. (<anonymous>)
[browser] Detected `scroll-behavior: smooth` on the `<html>` element. To disable smooth scrolling during route transitions, add `data-scroll-behavior="smooth"` to your <html> element. Learn more: https://nextjs.org/docs/messages/missing-data-scroll-behavior
[browser] Unable to load glyph range 0, 0-255. Rendering codepoint U+0020 locally instead. Error: AJAXError:  (404): https://tiles.openfreemap.org/fonts/Open Sans Regular,Arial Unicode MS Regular/0-255.pbf
[browser] Unable to load glyph range 0, 0-255. Rendering codepoint U+0041 locally instead. Error: AJAXError:  (404): https://tiles.openfreemap.org/fonts/Open Sans Regular,Arial Unicode MS Regular/0-255.pbf
[browser] Unable to load glyph range 0, 0-255. Rendering codepoint U+004A locally instead. Error: AJAXError:  (404): https://tiles.openfreemap.org/fonts/Open Sans Regular,Arial Unicode MS Regular/0-255.pbf
[browser] Unable to load glyph range 0, 0-255. Rendering codepoint U+004B locally instead. Error: AJAXError:  (404): https://tiles.openfreemap.org/fonts/Open Sans Regular,Arial Unicode MS Regular/0-255.pbf
[browser] Unable to load glyph range 0, 0-255. Rendering codepoint U+0050 locally instead. Error: AJAXError:  (404): https://tiles.openfreemap.org/fonts/Open Sans Regular,Arial Unicode MS Regular/0-255.pbf
[browser] Unable to load glyph range 0, 0-255. Rendering codepoint U+0052 locally instead. Error: AJAXError:  (404): https://tiles.openfreemap.org/fonts/Open Sans Regular,Arial Unicode MS Regular/0-255.pbf
[browser] Unable to load glyph range 0, 0-255. Rendering codepoint U+0053 locally instead. Error: AJAXError:  (404): https://tiles.openfreemap.org/fonts/Open Sans Regular,Arial Unicode MS Regular/0-255.pbf
[browser] Unable to load glyph range 0, 0-255. Rendering codepoint U+0054 locally instead. Error: AJAXError:  (404): https://tiles.openfreemap.org/fonts/Open Sans Regular,Arial Unicode MS Regular/0-255.pbf
[browser] Unable to load glyph range 0, 0-255. Rendering codepoint U+0055 locally instead. Error: AJAXError:  (404): https://tiles.openfreemap.org/fonts/Open Sans Regular,Arial Unicode MS Regular/0-255.pbf
[browser] Detected `scroll-behavior: smooth` on the `<html>` element. To disable smooth scrolling during route transitions, add `data-scroll-behavior="smooth"` to your <html> element. Learn more: https://nextjs.org/docs/messages/missing-data-scroll-behavior
[browser] Unable to load glyph range 0, 0-255. Rendering codepoint U+0020 locally instead. Error: AJAXError:  (404): https://tiles.openfreemap.org/fonts/Open Sans Regular,Arial Unicode MS Regular/0-255.pbf
[browser] Unable to load glyph range 0, 0-255. Rendering codepoint U+0041 locally instead. Error: AJAXError:  (404): https://tiles.openfreemap.org/fonts/Open Sans Regular,Arial Unicode MS Regular/0-255.pbf
[browser] Unable to load glyph range 0, 0-255. Rendering codepoint U+004A locally instead. Error: AJAXError:  (404): https://tiles.openfreemap.org/fonts/Open Sans Regular,Arial Unicode MS Regular/0-255.pbf
[browser] Unable to load glyph range 0, 0-255. Rendering codepoint U+004B locally instead. Error: AJAXError:  (404): https://tiles.openfreemap.org/fonts/Open Sans Regular,Arial Unicode MS Regular/0-255.pbf
[browser] Unable to load glyph range 0, 0-255. Rendering codepoint U+0050 locally instead. Error: AJAXError:  (404): https://tiles.openfreemap.org/fonts/Open Sans Regular,Arial Unicode MS Regular/0-255.pbf
[browser] Unable to load glyph range 0, 0-255. Rendering codepoint U+0052 locally instead. Error: AJAXError:  (404): https://tiles.openfreemap.org/fonts/Open Sans Regular,Arial Unicode MS Regular/0-255.pbf
[browser] Unable to load glyph range 0, 0-255. Rendering codepoint U+0053 locally instead. Error: AJAXError:  (404): https://tiles.openfreemap.org/fonts/Open Sans Regular,Arial Unicode MS Regular/0-255.pbf
[browser] Unable to load glyph range 0, 0-255. Rendering codepoint U+0054 locally instead. Error: AJAXError:  (404): https://tiles.openfreemap.org/fonts/Open Sans Regular,Arial Unicode MS Regular/0-255.pbf
[browser] Unable to load glyph range 0, 0-255. Rendering codepoint U+0055 locally instead. Error: AJAXError:  (404): https://tiles.openfreemap.org/fonts/Open Sans Regular,Arial Unicode MS Regular/0-255.pbf
[browser] Detected `scroll-behavior: smooth` on the `<html>` element. To disable smooth scrolling during route transitions, add `data-scroll-behavior="smooth"` to your <html> element. Learn more: https://nextjs.org/docs/messages/missing-data-scroll-behavior
[browser] Unable to load glyph range 0, 0-255. Rendering codepoint U+0020 locally instead. Error: AJAXError:  (404): https://tiles.openfreemap.org/fonts/Open Sans Regular,Arial Unicode MS Regular/0-255.pbf
[browser] Unable to load glyph range 0, 0-255. Rendering codepoint U+0041 locally instead. Error: AJAXError:  (404): https://tiles.openfreemap.org/fonts/Open Sans Regular,Arial Unicode MS Regular/0-255.pbf
[browser] Unable to load glyph range 0, 0-255. Rendering codepoint U+004A locally instead. Error: AJAXError:  (404): https://tiles.openfreemap.org/fonts/Open Sans Regular,Arial Unicode MS Regular/0-255.pbf
[browser] Unable to load glyph range 0, 0-255. Rendering codepoint U+004B locally instead. Error: AJAXError:  (404): https://tiles.openfreemap.org/fonts/Open Sans Regular,Arial Unicode MS Regular/0-255.pbf
[browser] Unable to load glyph range 0, 0-255. Rendering codepoint U+0050 locally instead. Error: AJAXError:  (404): https://tiles.openfreemap.org/fonts/Open Sans Regular,Arial Unicode MS Regular/0-255.pbf
[browser] Unable to load glyph range 0, 0-255. Rendering codepoint U+0052 locally instead. Error: AJAXError:  (404): https://tiles.openfreemap.org/fonts/Open Sans Regular,Arial Unicode MS Regular/0-255.pbf
[browser] Unable to load glyph range 0, 0-255. Rendering codepoint U+0053 locally instead. Error: AJAXError:  (404): https://tiles.openfreemap.org/fonts/Open Sans Regular,Arial Unicode MS Regular/0-255.pbf
[browser] Unable to load glyph range 0, 0-255. Rendering codepoint U+0054 locally instead. Error: AJAXError:  (404): https://tiles.openfreemap.org/fonts/Open Sans Regular,Arial Unicode MS Regular/0-255.pbf
[browser] Unable to load glyph range 0, 0-255. Rendering codepoint U+0055 locally instead. Error: AJAXError:  (404): https://tiles.openfreemap.org/fonts/Open Sans Regular,Arial Unicode MS Regular/0-255.pbf
[browser] Detected `scroll-behavior: smooth` on the `<html>` element. To disable smooth scrolling during route transitions, add `data-scroll-behavior="smooth"` to your <html> element. Learn more: https://nextjs.org/docs/messages/missing-data-scroll-behavior
[browser] Unable to load glyph range 0, 0-255. Rendering codepoint U+0020 locally instead. Error: AJAXError:  (404): https://tiles.openfreemap.org/fonts/Open Sans Regular,Arial Unicode MS Regular/0-255.pbf
[browser] Unable to load glyph range 0, 0-255. Rendering codepoint U+0041 locally instead. Error: AJAXError:  (404): https://tiles.openfreemap.org/fonts/Open Sans Regular,Arial Unicode MS Regular/0-255.pbf
[browser] Unable to load glyph range 0, 0-255. Rendering codepoint U+004A locally instead. Error: AJAXError:  (404): https://tiles.openfreemap.org/fonts/Open Sans Regular,Arial Unicode MS Regular/0-255.pbf
[browser] Unable to load glyph range 0, 0-255. Rendering codepoint U+004B locally instead. Error: AJAXError:  (404): https://tiles.openfreemap.org/fonts/Open Sans Regular,Arial Unicode MS Regular/0-255.pbf
[browser] Unable to load glyph range 0, 0-255. Rendering codepoint U+0050 locally instead. Error: AJAXError:  (404): https://tiles.openfreemap.org/fonts/Open Sans Regular,Arial Unicode MS Regular/0-255.pbf
[browser] Unable to load glyph range 0, 0-255. Rendering codepoint U+0052 locally instead. Error: AJAXError:  (404): https://tiles.openfreemap.org/fonts/Open Sans Regular,Arial Unicode MS Regular/0-255.pbf
[browser] Unable to load glyph range 0, 0-255. Rendering codepoint U+0053 locally instead. Error: AJAXError:  (404): https://tiles.openfreemap.org/fonts/Open Sans Regular,Arial Unicode MS Regular/0-255.pbf
[browser] Unable to load glyph range 0, 0-255. Rendering codepoint U+0054 locally instead. Error: AJAXError:  (404): https://tiles.openfreemap.org/fonts/Open Sans Regular,Arial Unicode MS Regular/0-255.pbf
[browser] Unable to load glyph range 0, 0-255. Rendering codepoint U+0055 locally instead. Error: AJAXError:  (404): https://tiles.openfreemap.org/fonts/Open Sans Regular,Arial Unicode MS Regular/0-255.pbf
[browser] Detected `scroll-behavior: smooth` on the `<html>` element. To disable smooth scrolling during route transitions, add `data-scroll-behavior="smooth"` to your <html> element. Learn more: https://nextjs.org/docs/messages/missing-data-scroll-behavior
[browser] Detected `scroll-behavior: smooth` on the `<html>` element. To disable smooth scrolling during route transitions, add `data-scroll-behavior="smooth"` to your <html> element. Learn more: https://nextjs.org/docs/messages/missing-data-scroll-behavior
[browser] Detected `scroll-behavior: smooth` on the `<html>` element. To disable smooth scrolling during route transitions, add `data-scroll-behavior="smooth"` to your <html> element. Learn more: https://nextjs.org/docs/messages/missing-data-scroll-behavior
[browser] Detected `scroll-behavior: smooth` on the `<html>` element. To disable smooth scrolling during route transitions, add `data-scroll-behavior="smooth"` to your <html> element. Learn more: https://nextjs.org/docs/messages/missing-data-scroll-behavior
[browser] Detected `scroll-behavior: smooth` on the `<html>` element. To disable smooth scrolling during route transitions, add `data-scroll-behavior="smooth"` to your <html> element. Learn more: https://nextjs.org/docs/messages/missing-data-scroll-behavior
[browser] Detected `scroll-behavior: smooth` on the `<html>` element. To disable smooth scrolling during route transitions, add `data-scroll-behavior="smooth"` to your <html> element. Learn more: https://nextjs.org/docs/messages/missing-data-scroll-behavior
[browser] Detected `scroll-behavior: smooth` on the `<html>` element. To disable smooth scrolling during route transitions, add `data-scroll-behavior="smooth"` to your <html> element. Learn more: https://nextjs.org/docs/messages/missing-data-scroll-behavior
[browser] Detected `scroll-behavior: smooth` on the `<html>` element. To disable smooth scrolling during route transitions, add `data-scroll-behavior="smooth"` to your <html> element. Learn more: https://nextjs.org/docs/messages/missing-data-scroll-behavior
[browser] Detected `scroll-behavior: smooth` on the `<html>` element. To disable smooth scrolling during route transitions, add `data-scroll-behavior="smooth"` to your <html> element. Learn more: https://nextjs.org/docs/messages/missing-data-scroll-behavior
[browser] Detected `scroll-behavior: smooth` on the `<html>` element. To disable smooth scrolling during route transitions, add `data-scroll-behavior="smooth"` to your <html> element. Learn more: https://nextjs.org/docs/messages/missing-data-scroll-behavior
[browser] Detected `scroll-behavior: smooth` on the `<html>` element. To disable smooth scrolling during route transitions, add `data-scroll-behavior="smooth"` to your <html> element. Learn more: https://nextjs.org/docs/messages/missing-data-scroll-behavior
[browser] Detected `scroll-behavior: smooth` on the `<html>` element. To disable smooth scrolling during route transitions, add `data-scroll-behavior="smooth"` to your <html> element. Learn more: https://nextjs.org/docs/messages/missing-data-scroll-behavior
[browser] Detected `scroll-behavior: smooth` on the `<html>` element. To disable smooth scrolling during route transitions, add `data-scroll-behavior="smooth"` to your <html> element. Learn more: https://nextjs.org/docs/messages/missing-data-scroll-behavior
[browser] Attempted to set unauthorized or invalid ExperienceMode: UMKM (src/components/providers/StakeholderProvider.tsx:46:15)
[browser] Attempted to set unauthorized or invalid ExperienceMode: UMKM (src/components/providers/StakeholderProvider.tsx:46:15)
[browser] Detected `scroll-behavior: smooth` on the `<html>` element. To disable smooth scrolling during route transitions, add `data-scroll-behavior="smooth"` to your <html> element. Learn more: https://nextjs.org/docs/messages/missing-data-scroll-behavior
[browser] Detected `scroll-behavior: smooth` on the `<html>` element. To disable smooth scrolling during route transitions, add `data-scroll-behavior="smooth"` to your <html> element. Learn more: https://nextjs.org/docs/messages/missing-data-scroll-behavior
[browser] Attempted to set unauthorized or invalid ExperienceMode: UMKM (src/components/providers/StakeholderProvider.tsx:46:15)
[browser] Attempted to set unauthorized or invalid ExperienceMode: UMKM (src/components/providers/StakeholderProvider.tsx:46:15)
[browser] Detected `scroll-behavior: smooth` on the `<html>` element. To disable smooth scrolling during route transitions, add `data-scroll-behavior="smooth"` to your <html> element. Learn more: https://nextjs.org/docs/messages/missing-data-scroll-behavior
[browser] Detected `scroll-behavior: smooth` on the `<html>` element. To disable smooth scrolling during route transitions, add `data-scroll-behavior="smooth"` to your <html> element. Learn more: https://nextjs.org/docs/messages/missing-data-scroll-behavior
[browser] Attempted to set unauthorized or invalid ExperienceMode: UMKM (src/components/providers/StakeholderProvider.tsx:46:15)
[browser] Attempted to set unauthorized or invalid ExperienceMode: UMKM (src/components/providers/StakeholderProvider.tsx:46:15)
[browser] Detected `scroll-behavior: smooth` on the `<html>` element. To disable smooth scrolling during route transitions, add `data-scroll-behavior="smooth"` to your <html> element. Learn more: https://nextjs.org/docs/messages/missing-data-scroll-behavior
⚠ Fast Refresh had to perform a full reload when ./node_modules/next/dist/client/image-component.js changed. Read more: https://nextjs.org/docs/messages/fast-refresh-reload
[browser] Image "lift_gate" could not be loaded. Please make sure you have added the image before it is needed with map.addImage(), resolved it with map.setMissingStyleImageResolver(), or included it in a "sprite" property in your style. (<anonymous>)
[browser] Image "gate" could not be loaded. Please make sure you have added the image before it is needed with map.addImage(), resolved it with map.setMissingStyleImageResolver(), or included it in a "sprite" property in your style. (<anonymous>)
[browser] Image "office" could not be loaded. Please make sure you have added the image before it is needed with map.addImage(), resolved it with map.setMissingStyleImageResolver(), or included it in a "sprite" property in your style. (<anonymous>)
[browser] Image "sports_centre" could not be loaded. Please make sure you have added the image before it is needed with map.addImage(), resolved it with map.setMissingStyleImageResolver(), or included it in a "sprite" property in your style. (<anonymous>)
[browser] Image "swimming_pool" could not be loaded. Please make sure you have added the image before it is needed with map.addImage(), resolved it with map.setMissingStyleImageResolver(), or included it in a "sprite" property in your style. (<anonymous>)
[browser] Image "toll_booth" could not be loaded. Please make sure you have added the image before it is needed with map.addImage(), resolved it with map.setMissingStyleImageResolver(), or included it in a "sprite" property in your style. (<anonymous>)
[browser] Image "running" could not be loaded. Please make sure you have added the image before it is needed with map.addImage(), resolved it with map.setMissingStyleImageResolver(), or included it in a "sprite" property in your style. (<anonymous>)
[browser] Image "bollard" could not be loaded. Please make sure you have added the image before it is needed with map.addImage(), resolved it with map.setMissingStyleImageResolver(), or included it in a "sprite" property in your style. (<anonymous>)
[browser] Image "water_park" could not be loaded. Please make sure you have added the image before it is needed with map.addImage(), resolved it with map.setMissingStyleImageResolver(), or included it in a "sprite" property in your style. (<anonymous>)
[browser] Detected `scroll-behavior: smooth` on the `<html>` element. To disable smooth scrolling during route transitions, add `data-scroll-behavior="smooth"` to your <html> element. Learn more: https://nextjs.org/docs/messages/missing-data-scroll-behavior
npm error Lifecycle script `dev` failed with error:
npm error code 4294967295
npm error path D:\Getra_Production\frontend
npm error workspace getra-frontend@0.1.0
npm error location D:\Getra_Production\frontend
npm error command failed
npm error command C:\WINDOWS\system32\cmd.exe /d /s /c node ../scripts/dev-next.mjs frontend 3000
