0 verbose cli C:\Program Files\nodejs\node.exe C:\Users\chris\AppData\Roaming\npm\node_modules\npm\bin\npm-cli.js
1 info using npm@11.7.0
2 info using node@v25.2.1
3 silly config load:file:C:\Users\chris\AppData\Roaming\npm\node_modules\npm\npmrc
4 info config found workspace root at D:\Getra_Production
5 silly config load:file:D:\Getra_Production\.npmrc
6 silly config load:file:C:\Users\chris\.npmrc
7 silly config load:file:C:\Users\chris\AppData\Roaming\npm\etc\npmrc
8 verbose title npm run build
9 verbose argv "run" "build"
10 verbose logfile logs-max:10 dir:D:\Getra_Production\frontend\.sites-runtime\npm-cache\_logs\2026-08-22T11_26_42_075Z-
11 verbose logfile D:\Getra_Production\frontend\.sites-runtime\npm-cache\_logs\2026-08-22T11_26_42_075Z-debug-0.log
12 silly logfile done cleaning log files
13 verbose stack Error: command failed
13 verbose stack     at promiseSpawn (C:\Users\chris\AppData\Roaming\npm\node_modules\npm\node_modules\@npmcli\promise-spawn\lib\index.js:22:22)
13 verbose stack     at spawnWithShell (C:\Users\chris\AppData\Roaming\npm\node_modules\npm\node_modules\@npmcli\promise-spawn\lib\index.js:124:10)
13 verbose stack     at promiseSpawn (C:\Users\chris\AppData\Roaming\npm\node_modules\npm\node_modules\@npmcli\promise-spawn\lib\index.js:12:12)
13 verbose stack     at runScriptPkg (C:\Users\chris\AppData\Roaming\npm\node_modules\npm\node_modules\@npmcli\run-script\lib\run-script-pkg.js:79:13)
13 verbose stack     at runScript (C:\Users\chris\AppData\Roaming\npm\node_modules\npm\node_modules\@npmcli\run-script\lib\run-script.js:9:12)
13 verbose stack     at #run (C:\Users\chris\AppData\Roaming\npm\node_modules\npm\lib\commands\run.js:135:13)
13 verbose stack     at RunScript.execWorkspaces (C:\Users\chris\AppData\Roaming\npm\node_modules\npm\lib\commands\run.js:67:24)
13 verbose stack     at async Npm.exec (C:\Users\chris\AppData\Roaming\npm\node_modules\npm\lib\npm.js:208:9)
13 verbose stack     at async module.exports (C:\Users\chris\AppData\Roaming\npm\node_modules\npm\lib\cli\entry.js:67:5)
14 verbose pkgid getra-frontend@0.1.0
15 error Lifecycle script `build` failed with error:
16 error code 1
17 error path D:\Getra_Production\frontend
18 error workspace getra-frontend@0.1.0
19 error location D:\Getra_Production\frontend
20 error command failed
21 error command C:\WINDOWS\system32\cmd.exe /d /s /c next build
22 verbose cwd D:\Getra_Production\frontend
23 verbose os Windows_NT 10.0.26200
24 verbose node v25.2.1
25 verbose npm  v11.7.0
26 verbose exit 1
27 verbose code 1
