0 verbose cli C:\Program Files\nodejs\node.exe C:\Users\Revan Anthony\AppData\Roaming\npm\node_modules\npm\bin\npm-cli.js
1 info using npm@11.11.0
2 info using node@v22.19.0
3 silly config load:file:C:\Users\Revan Anthony\AppData\Roaming\npm\node_modules\npm\npmrc
4 silly config load:file:c:\Users\Revan Anthony\OneDrive\Documents\GitHub\webgis\.npmrc
5 silly config load:file:C:\Users\Revan Anthony\.npmrc
6 silly config load:file:C:\Users\Revan Anthony\AppData\Roaming\npm\etc\npmrc
7 verbose title npm ls drizzle-orm
8 verbose argv "ls" "--json" "--depth" "0" "--" "drizzle-orm"
9 verbose logfile logs-max:10 dir:c:\Users\Revan Anthony\OneDrive\Documents\GitHub\webgis\.sites-runtime\npm-cache\_logs\2026-08-17T16_54_43_047Z-
10 verbose logfile c:\Users\Revan Anthony\OneDrive\Documents\GitHub\webgis\.sites-runtime\npm-cache\_logs\2026-08-17T16_54_43_047Z-debug-0.log
11 silly logfile done cleaning log files
12 silly packumentCache heap:2197815296 maxSize:549453824 maxEntrySize:274726912
13 verbose stack Error: Failed to parse root package.json
13 verbose stack     at LS.exec (C:\Users\Revan Anthony\AppData\Roaming\npm\node_modules\npm\lib\commands\ls.js:194:9)
13 verbose stack     at async Npm.exec (C:\Users\Revan Anthony\AppData\Roaming\npm\node_modules\npm\lib\npm.js:209:9)
13 verbose stack     at async module.exports (C:\Users\Revan Anthony\AppData\Roaming\npm\node_modules\npm\lib\cli\entry.js:67:5)
14 error code EJSONPARSE
15 error JSON.parse Failed to parse root package.json
16 error JSON.parse Failed to parse JSON data.
16 error JSON.parse Note: package.json must be actual JSON, not just JavaScript.
17 verbose cwd c:\Users\Revan Anthony\OneDrive\Documents\GitHub\webgis
18 verbose os Windows_NT 10.0.26200
19 verbose node v22.19.0
20 verbose npm  v11.11.0
21 verbose exit 1
22 verbose code 1
23 error A complete log of this run can be found in: c:\Users\Revan Anthony\OneDrive\Documents\GitHub\webgis\.sites-runtime\npm-cache\_logs\2026-08-17T16_54_43_047Z-debug-0.log
