0 verbose cli C:\Program Files\nodejs\node.exe C:\Users\chris\AppData\Roaming\npm\node_modules\npm\bin\npm-cli.js
1 info using npm@11.7.0
2 info using node@v25.2.1
3 silly config load:file:C:\Users\chris\AppData\Roaming\npm\node_modules\npm\npmrc
4 info config found workspace root at D:\Getra_Production
5 silly config load:file:D:\Getra_Production\.npmrc
6 silly config load:file:C:\Users\chris\.npmrc
7 silly config load:file:C:\Users\chris\AppData\Roaming\npm\etc\npmrc
8 verbose title npm exec supabase migration list --local
9 verbose argv "exec" "--" "supabase" "migration" "list" "--local"
10 verbose logfile logs-max:10 dir:D:\Getra_Production\backend\.sites-runtime\npm-cache\_logs\2026-08-22T11_44_28_218Z-
11 verbose logfile D:\Getra_Production\backend\.sites-runtime\npm-cache\_logs\2026-08-22T11_44_28_218Z-debug-0.log
12 silly logfile start cleaning logs, removing 1 files
13 silly logfile done cleaning log files
14 verbose cwd D:\Getra_Production\backend
15 verbose os Windows_NT 10.0.26200
16 verbose node v25.2.1
17 verbose npm  v11.7.0
18 verbose exit 1
19 verbose code 1
