0 verbose cli C:\Program Files\nodejs\node.exe C:\Users\chris\AppData\Roaming\npm\node_modules\npm\bin\npm-cli.js
1 info using npm@11.7.0
2 info using node@v25.2.1
3 silly config load:file:C:\Users\chris\AppData\Roaming\npm\node_modules\npm\npmrc
4 info config found workspace root at D:\Getra_Production
5 silly config load:file:D:\Getra_Production\.npmrc
6 silly config load:file:C:\Users\chris\.npmrc
7 silly config load:file:C:\Users\chris\AppData\Roaming\npm\etc\npmrc
8 verbose title npm run test
9 verbose argv "run" "test"
10 verbose logfile logs-max:10 dir:D:\Getra_Production\backend\.sites-runtime\npm-cache\_logs\2026-08-22T11_42_33_400Z-
11 verbose logfile D:\Getra_Production\backend\.sites-runtime\npm-cache\_logs\2026-08-22T11_42_33_400Z-debug-0.log
12 silly logfile start cleaning logs, removing 1 files
13 silly logfile done cleaning log files
14 verbose stack Error: command failed
14 verbose stack     at promiseSpawn (C:\Users\chris\AppData\Roaming\npm\node_modules\npm\node_modules\@npmcli\promise-spawn\lib\index.js:22:22)
14 verbose stack     at spawnWithShell (C:\Users\chris\AppData\Roaming\npm\node_modules\npm\node_modules\@npmcli\promise-spawn\lib\index.js:124:10)
14 verbose stack     at promiseSpawn (C:\Users\chris\AppData\Roaming\npm\node_modules\npm\node_modules\@npmcli\promise-spawn\lib\index.js:12:12)
14 verbose stack     at runScriptPkg (C:\Users\chris\AppData\Roaming\npm\node_modules\npm\node_modules\@npmcli\run-script\lib\run-script-pkg.js:79:13)
14 verbose stack     at runScript (C:\Users\chris\AppData\Roaming\npm\node_modules\npm\node_modules\@npmcli\run-script\lib\run-script.js:9:12)
14 verbose stack     at #run (C:\Users\chris\AppData\Roaming\npm\node_modules\npm\lib\commands\run.js:135:13)
14 verbose stack     at RunScript.execWorkspaces (C:\Users\chris\AppData\Roaming\npm\node_modules\npm\lib\commands\run.js:67:24)
14 verbose stack     at async Npm.exec (C:\Users\chris\AppData\Roaming\npm\node_modules\npm\lib\npm.js:208:9)
14 verbose stack     at async module.exports (C:\Users\chris\AppData\Roaming\npm\node_modules\npm\lib\cli\entry.js:67:5)
15 verbose pkgid getra-backend@0.1.0
16 error Lifecycle script `test` failed with error:
17 error code 1
18 error path D:\Getra_Production\backend
19 error workspace getra-backend@0.1.0
20 error location D:\Getra_Production\backend
21 error command failed
22 error command C:\WINDOWS\system32\cmd.exe /d /s /c vitest run
23 verbose cwd D:\Getra_Production\backend
24 verbose os Windows_NT 10.0.26200
25 verbose node v25.2.1
26 verbose npm  v11.7.0
27 verbose exit 1
28 verbose code 1
