0 verbose cli C:\Program Files\nodejs\node.exe C:\Users\chris\AppData\Roaming\npm\node_modules\npm\bin\npm-cli.js
1 info using npm@11.7.0
2 info using node@v25.2.1
3 silly config load:file:C:\Users\chris\AppData\Roaming\npm\node_modules\npm\npmrc
4 info config found workspace root at D:\Getra_Production
5 silly config load:file:D:\Getra_Production\.npmrc
6 silly config load:file:C:\Users\chris\.npmrc
7 silly config load:file:C:\Users\chris\AppData\Roaming\npm\etc\npmrc
8 verbose title npm install puppeteer-core marked @types/marked
9 verbose argv "install" "--save-dev" "puppeteer-core" "marked" "@types/marked"
10 verbose logfile logs-max:10 dir:D:\Getra_Production\backend\.sites-runtime\npm-cache\_logs\2026-08-22T11_27_05_906Z-
11 verbose logfile D:\Getra_Production\backend\.sites-runtime\npm-cache\_logs\2026-08-22T11_27_05_906Z-debug-0.log
12 silly logfile done cleaning log files
13 silly packumentCache heap:4496293888 maxSize:1124073472 maxEntrySize:562036736
14 warn workspaces getra-backend in filter set, but no workspace folder present
15 silly idealTree buildDeps
16 silly placeDep ROOT getra-backend@0.1.0 OK for: getra-platform@0.1.0 want: file:D:\Getra_Production\backend
17 silly placeDep ROOT getra-frontend@0.1.0 OK for: getra-platform@0.1.0 want: file:D:\Getra_Production\frontend
18 silly reify moves {}
19 silly ADD node_modules/getra-backend
20 verbose cwd D:\Getra_Production\backend
21 verbose os Windows_NT 10.0.26200
22 verbose node v25.2.1
23 verbose npm  v11.7.0
24 verbose exit 0
25 info ok
